// Jest Snapshot v1, https://goo.gl/fbAQLP

exports[`EditableTodoList matches snapshot 1`] = `
<DocumentFragment>
  <div>
    <div
      class="EditableTodo"
    >
      <div
        class="mb-3"
      >
        <div
          class="float-end text-sm-end"
        >
          <button
            class="EditableTodo-toggle btn-link btn btn-sm"
          >
            Edit
          </button>
          <button
            class="EditableTodo-delBtn btn-link btn btn-sm text-danger"
          >
            Del
          </button>
        </div>
        <div
          class="Todo"
        >
          <div>
            <b>
              testing
            </b>
             
            <small>
              (Priority: 2)
            </small>
          </div>
          <div>
            <small>
              finish testing
            </small>
          </div>
        </div>
      </div>
    </div>
    <div
      class="EditableTodo"
    >
      <div
        class="mb-3"
      >
        <div
          class="float-end text-sm-end"
        >
          <button
            class="EditableTodo-toggle btn-link btn btn-sm"
          >
            Edit
          </button>
          <button
            class="EditableTodo-delBtn btn-link btn btn-sm text-danger"
          >
            Del
          </button>
        </div>
        <div
          class="Todo"
        >
          <div>
            <b>
              eat
            </b>
             
            <small>
              (Priority: 1)
            </small>
          </div>
          <div>
            <small>
              eat lunch
            </small>
          </div>
        </div>
      </div>
    </div>
  </div>
</DocumentFragment>
`;
