// Jest Snapshot v1, https://goo.gl/fbAQLP

exports[`Todo component matches snapshot 1`] = `
<DocumentFragment>
  <div
    class="Todo"
  >
    <div>
      <b>
        testing
      </b>
       
      <small>
        (Priority: 2)
      </small>
    </div>
    <div>
      <small>
        finish testing
      </small>
    </div>
  </div>
</DocumentFragment>
`;
